// Vitest Snapshot v1, https://vitest.dev/guide/snapshot.html

exports[`NavChart — drawdown snapshot > matches snapshot for a series with two distinct drawdown periods 1`] = `"<svg viewBox="0 0 100 40" preserveAspectRatio="xMidYMid meet" class="w-full h-full block" role="img" aria-label="Net asset value, 8 points, up 5.0 percent over 30 days"><rect x="0.00" y="0" width="28.57" height="40" fill="var(--ct-status-danger)" opacity="0.12" aria-hidden="true"></rect><rect x="57.14" y="0" width="28.57" height="40" fill="var(--ct-status-danger)" opacity="0.12" aria-hidden="true"></rect><polygon points="0.00,15.85 14.29,29.69 28.57,38.00 42.86,15.85 57.14,2.00 71.43,15.85 85.71,18.62 100.00,2.00 100,40 0,40" fill="var(--ct-accent-soft)" opacity="0.25"></polygon><polyline points="0.00,15.85 14.29,29.69 28.57,38.00 42.86,15.85 57.14,2.00 71.43,15.85 85.71,18.62 100.00,2.00" fill="none" stroke="var(--ct-accent)" stroke-width="0.8" stroke-linejoin="round" stroke-linecap="round" vector-effect="non-scaling-stroke"></polyline></svg>"`;
