// Vitest Snapshot v1, https://vitest.dev/guide/snapshot.html

exports[`runBacktest snapshots > matches snapshot for key=bear_2022 1`] = `
{
  "assumptions": [
    "bear_2022: BTC -65%, hashprice -60% over 12 months (Jun 2022 – Jun 2023)",
    "Linear interpolation applied across monthly steps; all projections use apy_range.low (conservative)",
    "Historical simulation — not a projection of future performance",
    "methodology_version=v1.0",
  ],
  "endDate": "2023-06",
  "endingValue": 1075065.71,
  "hearstRulesMode": true,
  "initialCapital": 1000000,
  "key": "bear_2022",
  "maxDrawdownPct": 0,
  "monthlySeries": [
    {
      "distributionUsdc": 7683.33,
      "month": "2022-06",
      "valueUsdc": 1007683.33,
    },
    {
      "distributionUsdc": 7440.06,
      "month": "2022-07",
      "valueUsdc": 1015123.39,
    },
    {
      "distributionUsdc": 6784.41,
      "month": "2022-08",
      "valueUsdc": 1021907.8,
    },
    {
      "distributionUsdc": 6523.18,
      "month": "2022-09",
      "valueUsdc": 1028430.98,
    },
    {
      "distributionUsdc": 6264.86,
      "month": "2022-10",
      "valueUsdc": 1034695.84,
    },
    {
      "distributionUsdc": 5578.74,
      "month": "2022-11",
      "valueUsdc": 1040274.58,
    },
    {
      "distributionUsdc": 5296.73,
      "month": "2022-12",
      "valueUsdc": 1045571.31,
    },
    {
      "distributionUsdc": 5419.54,
      "month": "2023-01",
      "valueUsdc": 1050990.85,
    },
    {
      "distributionUsdc": 5219.92,
      "month": "2023-02",
      "valueUsdc": 1056210.77,
    },
    {
      "distributionUsdc": 5017,
      "month": "2023-03",
      "valueUsdc": 1061227.77,
    },
    {
      "distributionUsdc": 4819.74,
      "month": "2023-04",
      "valueUsdc": 1066047.51,
    },
    {
      "distributionUsdc": 4610.66,
      "month": "2023-05",
      "valueUsdc": 1070658.17,
    },
    {
      "distributionUsdc": 4407.54,
      "month": "2023-06",
      "valueUsdc": 1075065.71,
    },
  ],
  "numRebalances": 1,
  "startDate": "2022-06",
  "totalReturnPct": 7.51,
  "worstMonthPct": 0,
}
`;

exports[`runBacktest snapshots > matches snapshot for key=etf_halving_2024 1`] = `
{
  "assumptions": [
    "etf_halving_2024: BTC +150%, hashprice +40% over 18 months (Oct 2023 – Apr 2025)",
    "Halving compression applied months 7-10: hashprice dip -20% additional",
    "Linear interpolation applied across monthly steps; all projections use apy_range.low (conservative)",
    "Historical simulation — not a projection of future performance",
    "methodology_version=v1.0",
  ],
  "endDate": "2025-04",
  "endingValue": 1207422.82,
  "hearstRulesMode": true,
  "initialCapital": 1000000,
  "key": "etf_halving_2024",
  "maxDrawdownPct": 0,
  "monthlySeries": [
    {
      "distributionUsdc": 7683.33,
      "month": "2023-10",
      "valueUsdc": 1007683.33,
    },
    {
      "distributionUsdc": 7876.72,
      "month": "2023-11",
      "valueUsdc": 1015560.05,
    },
    {
      "distributionUsdc": 8793.06,
      "month": "2023-12",
      "valueUsdc": 1024353.11,
    },
    {
      "distributionUsdc": 9014.31,
      "month": "2024-01",
      "valueUsdc": 1033367.42,
    },
    {
      "distributionUsdc": 10161.45,
      "month": "2024-02",
      "valueUsdc": 1043528.87,
    },
    {
      "distributionUsdc": 10417.9,
      "month": "2024-03",
      "valueUsdc": 1053946.77,
    },
    {
      "distributionUsdc": 10662.43,
      "month": "2024-04",
      "valueUsdc": 1064609.2,
    },
    {
      "distributionUsdc": 9457.28,
      "month": "2024-05",
      "valueUsdc": 1074066.48,
    },
    {
      "distributionUsdc": 9666.6,
      "month": "2024-06",
      "valueUsdc": 1083733.08,
    },
    {
      "distributionUsdc": 9880.03,
      "month": "2024-07",
      "valueUsdc": 1093613.11,
    },
    {
      "distributionUsdc": 10079.47,
      "month": "2024-08",
      "valueUsdc": 1103692.58,
    },
    {
      "distributionUsdc": 11929.08,
      "month": "2024-09",
      "valueUsdc": 1115621.66,
    },
    {
      "distributionUsdc": 12206.76,
      "month": "2024-10",
      "valueUsdc": 1127828.42,
    },
    {
      "distributionUsdc": 12500.1,
      "month": "2024-11",
      "valueUsdc": 1140328.52,
    },
    {
      "distributionUsdc": 12800.19,
      "month": "2024-12",
      "valueUsdc": 1153128.71,
    },
    {
      "distributionUsdc": 13097.62,
      "month": "2025-01",
      "valueUsdc": 1166226.33,
    },
    {
      "distributionUsdc": 13411.6,
      "month": "2025-02",
      "valueUsdc": 1179637.93,
    },
    {
      "distributionUsdc": 13732.95,
      "month": "2025-03",
      "valueUsdc": 1193370.88,
    },
    {
      "distributionUsdc": 14051.94,
      "month": "2025-04",
      "valueUsdc": 1207422.82,
    },
  ],
  "numRebalances": 0,
  "startDate": "2023-10",
  "totalReturnPct": 20.74,
  "worstMonthPct": 0,
}
`;

exports[`runBacktest snapshots > matches snapshot for key=mining_crunch_2024 1`] = `
{
  "assumptions": [
    "mining_crunch_2024: hashprice -40%, difficulty +30% (proxied via energy cost), BTC flat over 9 months (Apr–Dec 2024)",
    "Linear interpolation applied across monthly steps; all projections use apy_range.low (conservative)",
    "Historical simulation — not a projection of future performance",
    "methodology_version=v1.0",
  ],
  "endDate": "2024-12",
  "endingValue": 1059567.42,
  "hearstRulesMode": true,
  "initialCapital": 1000000,
  "key": "mining_crunch_2024",
  "maxDrawdownPct": 0,
  "monthlySeries": [
    {
      "distributionUsdc": 7683.33,
      "month": "2024-04",
      "valueUsdc": 1007683.33,
    },
    {
      "distributionUsdc": 7440.06,
      "month": "2024-05",
      "valueUsdc": 1015123.39,
    },
    {
      "distributionUsdc": 7173.54,
      "month": "2024-06",
      "valueUsdc": 1022296.93,
    },
    {
      "distributionUsdc": 6909.02,
      "month": "2024-07",
      "valueUsdc": 1029205.95,
    },
    {
      "distributionUsdc": 6638.38,
      "month": "2024-08",
      "valueUsdc": 1035844.33,
    },
    {
      "distributionUsdc": 6370.44,
      "month": "2024-09",
      "valueUsdc": 1042214.77,
    },
    {
      "distributionUsdc": 6088.27,
      "month": "2024-10",
      "valueUsdc": 1048303.04,
    },
    {
      "distributionUsdc": 5800.61,
      "month": "2024-11",
      "valueUsdc": 1054103.65,
    },
    {
      "distributionUsdc": 5463.77,
      "month": "2024-12",
      "valueUsdc": 1059567.42,
    },
  ],
  "numRebalances": 1,
  "startDate": "2024-04",
  "totalReturnPct": 5.96,
  "worstMonthPct": 0,
}
`;
