// Vitest Snapshot v1, https://vitest.dev/guide/snapshot.html

exports[`computeDrawdownPeriods — snapshot > matches snapshot for a 10-point series with two drawdown periods 1`] = `
[
  {
    "depth": 0.08,
    "end": 3,
    "start": 0,
  },
  {
    "depth": 0.05714285714285714,
    "end": 7,
    "start": 5,
  },
]
`;
